// Jest Snapshot v1, https://goo.gl/fbAQLP

exports[`Tests the app functions Tests the filter component and route 1`] = `
<main>
  <div
    id="continentsList"
  />
</main>
`;
